Copyright 1986-2022 Xilinx, Inc. All Rights Reserved. Copyright 2022-2025 Advanced Micro Devices, Inc. All Rights Reserved.
------------------------------------------------------------------------------------------------------------------------------------------------------------------------------------------------------------------------------------------
| Tool Version : Vivado v.2025.1 (lin64) Build 6140274 Wed May 21 22:58:25 MDT 2025
| Date         : Fri Nov 21 21:46:17 2025
| Host         : asus running 64-bit Ubuntu 24.04.3 LTS
| Command      : report_timing_summary -max_paths 10 -routable_nets -report_unconstrained -file operations_timing_summary_routed.rpt -pb operations_timing_summary_routed.pb -rpx operations_timing_summary_routed.rpx -warn_on_violation
| Design       : operations
| Device       : 7a35ti-csg324
| Speed File   : -1L  PRODUCTION 1.23 2018-06-13
| Design State : Routed
------------------------------------------------------------------------------------------------------------------------------------------------------------------------------------------------------------------------------------------

Timing Summary Report

------------------------------------------------------------------------------------------------
| Timer Settings
| --------------
------------------------------------------------------------------------------------------------

  Enable Multi Corner Analysis               :  Yes
  Enable Pessimism Removal                   :  Yes
  Pessimism Removal Resolution               :  Nearest Common Node
  Enable Input Delay Default Clock           :  No
  Enable Preset / Clear Arcs                 :  No
  Disable Flight Delays                      :  No
  Ignore I/O Paths                           :  No
  Timing Early Launch at Borrowing Latches   :  No
  Borrow Time for Max Delay Exceptions       :  Yes
  Merge Timing Exceptions                    :  Yes
  Inter-SLR Compensation                     :  Conservative

  Corner  Analyze    Analyze    
  Name    Max Paths  Min Paths  
  ------  ---------  ---------  
  Slow    Yes        Yes        
  Fast    Yes        Yes        


------------------------------------------------------------------------------------------------
| Report Methodology
| ------------------
------------------------------------------------------------------------------------------------

No report available as report_methodology has not been run prior. Run report_methodology on the current design for the summary of methodology violations.



check_timing report

Table of Contents
-----------------
1. checking no_clock (0)
2. checking constant_clock (0)
3. checking pulse_width_clock (0)
4. checking unconstrained_internal_endpoints (0)
5. checking no_input_delay (0)
6. checking no_output_delay (0)
7. checking multiple_clock (0)
8. checking generated_clocks (0)
9. checking loops (0)
10. checking partial_input_delay (0)
11. checking partial_output_delay (0)
12. checking latch_loops (0)

1. checking no_clock (0)
------------------------
 There are 0 register/latch pins with no clock.


2. checking constant_clock (0)
------------------------------
 There are 0 register/latch pins with constant_clock.


3. checking pulse_width_clock (0)
---------------------------------
 There are 0 register/latch pins which need pulse_width check


4. checking unconstrained_internal_endpoints (0)
------------------------------------------------
 There are 0 pins that are not constrained for maximum delay.

 There are 0 pins that are not constrained for maximum delay due to constant clock.


5. checking no_input_delay (0)
------------------------------
 There are 0 input ports with no input delay specified.

 There are 0 input ports with no input delay but user has a false path constraint.


6. checking no_output_delay (0)
-------------------------------
 There are 0 ports with no output delay specified.

 There are 0 ports with no output delay but user has a false path constraint

 There are 0 ports with no output delay but with a timing clock defined on it or propagating through it


7. checking multiple_clock (0)
------------------------------
 There are 0 register/latch pins with multiple clocks.


8. checking generated_clocks (0)
--------------------------------
 There are 0 generated clocks that are not connected to a clock source.


9. checking loops (0)
---------------------
 There are 0 combinational loops in the design.


10. checking partial_input_delay (0)
------------------------------------
 There are 0 input ports with partial input delay specified.


11. checking partial_output_delay (0)
-------------------------------------
 There are 0 ports with partial output delay specified.


12. checking latch_loops (0)
----------------------------
 There are 0 combinational latch loops in the design through latch input



------------------------------------------------------------------------------------------------
| Design Timing Summary
| ---------------------
------------------------------------------------------------------------------------------------

    WNS(ns)      TNS(ns)  TNS Failing Endpoints  TNS Total Endpoints      WHS(ns)      THS(ns)  THS Failing Endpoints  THS Total Endpoints     WPWS(ns)     TPWS(ns)  TPWS Failing Endpoints  TPWS Total Endpoints  
    -------      -------  ---------------------  -------------------      -------      -------  ---------------------  -------------------     --------     --------  ----------------------  --------------------  
        inf        0.000                      0                   16          inf        0.000                      0                   16           NA           NA                      NA                    NA  


There are no user specified timing constraints.


------------------------------------------------------------------------------------------------
| Clock Summary
| -------------
------------------------------------------------------------------------------------------------


------------------------------------------------------------------------------------------------
| Intra Clock Table
| -----------------
------------------------------------------------------------------------------------------------

Clock             WNS(ns)      TNS(ns)  TNS Failing Endpoints  TNS Total Endpoints      WHS(ns)      THS(ns)  THS Failing Endpoints  THS Total Endpoints     WPWS(ns)     TPWS(ns)  TPWS Failing Endpoints  TPWS Total Endpoints  
-----             -------      -------  ---------------------  -------------------      -------      -------  ---------------------  -------------------     --------     --------  ----------------------  --------------------  


------------------------------------------------------------------------------------------------
| Inter Clock Table
| -----------------
------------------------------------------------------------------------------------------------

From Clock    To Clock          WNS(ns)      TNS(ns)  TNS Failing Endpoints  TNS Total Endpoints      WHS(ns)      THS(ns)  THS Failing Endpoints  THS Total Endpoints  
----------    --------          -------      -------  ---------------------  -------------------      -------      -------  ---------------------  -------------------  


------------------------------------------------------------------------------------------------
| Other Path Groups Table
| -----------------------
------------------------------------------------------------------------------------------------

Path Group    From Clock    To Clock          WNS(ns)      TNS(ns)  TNS Failing Endpoints  TNS Total Endpoints      WHS(ns)      THS(ns)  THS Failing Endpoints  THS Total Endpoints  
----------    ----------    --------          -------      -------  ---------------------  -------------------      -------      -------  ---------------------  -------------------  


------------------------------------------------------------------------------------------------
| User Ignored Path Table
| -----------------------
------------------------------------------------------------------------------------------------

Path Group    From Clock    To Clock    
----------    ----------    --------    


------------------------------------------------------------------------------------------------
| Unconstrained Path Table
| ------------------------
------------------------------------------------------------------------------------------------

Path Group    From Clock    To Clock    
----------    ----------    --------    
(none)                                    


------------------------------------------------------------------------------------------------
| Timing Details
| --------------
------------------------------------------------------------------------------------------------


--------------------------------------------------------------------------------------
Path Group:  (none)
From Clock:  
  To Clock:  

Max Delay            16 Endpoints
Min Delay            16 Endpoints
--------------------------------------------------------------------------------------


Max Delay Paths
--------------------------------------------------------------------------------------
Slack:                    inf
  Source:                 i_dataA[1]
                            (input port)
  Destination:            o_dataC[15]
                            (output port)
  Path Group:             (none)
  Path Type:              Max at Slow Process Corner
  Data Path Delay:        10.608ns  (logic 5.127ns (48.327%)  route 5.482ns (51.673%))
  Logic Levels:           8  (CARRY4=4 IBUF=1 LUT2=1 LUT6=1 OBUF=1)

    Location             Delay type                Incr(ns)  Path(ns)    Netlist Resource(s)
  -------------------------------------------------------------------    -------------------
    T10                                               0.000     0.000 r  i_dataA[1] (IN)
                         net (fo=0)                   0.000     0.000    i_dataA[1]
    T10                  IBUF (Prop_ibuf_I_O)         0.970     0.970 r  i_dataA_IBUF[1]_inst/O
                         net (fo=5, routed)           2.027     2.997    i_dataA_IBUF[1]
    SLICE_X0Y22          LUT2 (Prop_lut2_I0_O)        0.124     3.121 r  o_dataC_OBUF[3]_inst_i_6/O
                         net (fo=1, routed)           0.000     3.121    o_dataC_OBUF[3]_inst_i_6_n_0
    SLICE_X0Y22          CARRY4 (Prop_carry4_S[1]_CO[3])
                                                      0.550     3.671 r  o_dataC_OBUF[3]_inst_i_2/CO[3]
                         net (fo=1, routed)           0.000     3.671    o_dataC_OBUF[3]_inst_i_2_n_0
    SLICE_X0Y23          CARRY4 (Prop_carry4_CI_CO[3])
                                                      0.114     3.785 r  o_dataC_OBUF[7]_inst_i_2/CO[3]
                         net (fo=1, routed)           0.000     3.785    o_dataC_OBUF[7]_inst_i_2_n_0
    SLICE_X0Y24          CARRY4 (Prop_carry4_CI_CO[3])
                                                      0.114     3.899 r  o_dataC_OBUF[11]_inst_i_2/CO[3]
                         net (fo=1, routed)           0.009     3.908    o_dataC_OBUF[11]_inst_i_2_n_0
    SLICE_X0Y25          CARRY4 (Prop_carry4_CI_O[3])
                                                      0.313     4.221 r  o_dataC_OBUF[15]_inst_i_2/O[3]
                         net (fo=1, routed)           0.835     5.056    o_dataC01_in[15]
    SLICE_X2Y25          LUT6 (Prop_lut6_I0_O)        0.306     5.362 r  o_dataC_OBUF[15]_inst_i_1/O
                         net (fo=1, routed)           2.611     7.972    o_dataC_OBUF[15]
    R11                  OBUF (Prop_obuf_I_O)         2.636    10.608 r  o_dataC_OBUF[15]_inst/O
                         net (fo=0)                   0.000    10.608    o_dataC[15]
    R11                                                               r  o_dataC[15] (OUT)
  -------------------------------------------------------------------    -------------------

Slack:                    inf
  Source:                 i_dataA[0]
                            (input port)
  Destination:            o_dataC[7]
                            (output port)
  Path Group:             (none)
  Path Type:              Max at Slow Process Corner
  Data Path Delay:        10.369ns  (logic 4.868ns (46.945%)  route 5.501ns (53.055%))
  Logic Levels:           6  (CARRY4=2 IBUF=1 LUT2=1 LUT6=1 OBUF=1)

    Location             Delay type                Incr(ns)  Path(ns)    Netlist Resource(s)
  -------------------------------------------------------------------    -------------------
    R10                                               0.000     0.000 r  i_dataA[0] (IN)
                         net (fo=0)                   0.000     0.000    i_dataA[0]
    R10                  IBUF (Prop_ibuf_I_O)         0.966     0.966 r  i_dataA_IBUF[0]_inst/O
                         net (fo=5, routed)           2.043     3.009    i_dataA_IBUF[0]
    SLICE_X1Y22          LUT2 (Prop_lut2_I1_O)        0.124     3.133 r  o_dataC_OBUF[3]_inst_i_11/O
                         net (fo=1, routed)           0.000     3.133    o_dataC_OBUF[3]_inst_i_11_n_0
    SLICE_X1Y22          CARRY4 (Prop_carry4_S[0]_CO[3])
                                                      0.532     3.665 r  o_dataC_OBUF[3]_inst_i_3/CO[3]
                         net (fo=1, routed)           0.000     3.665    o_dataC_OBUF[3]_inst_i_3_n_0
    SLICE_X1Y23          CARRY4 (Prop_carry4_CI_O[3])
                                                      0.313     3.978 r  o_dataC_OBUF[7]_inst_i_3/O[3]
                         net (fo=1, routed)           1.165     5.143    o_dataC02_in[7]
    SLICE_X2Y23          LUT6 (Prop_lut6_I1_O)        0.306     5.449 r  o_dataC_OBUF[7]_inst_i_1/O
                         net (fo=1, routed)           2.293     7.742    o_dataC_OBUF[7]
    M18                  OBUF (Prop_obuf_I_O)         2.627    10.369 r  o_dataC_OBUF[7]_inst/O
                         net (fo=0)                   0.000    10.369    o_dataC[7]
    M18                                                               r  o_dataC[7] (OUT)
  -------------------------------------------------------------------    -------------------

Slack:                    inf
  Source:                 i_dataA[1]
                            (input port)
  Destination:            o_dataC[12]
                            (output port)
  Path Group:             (none)
  Path Type:              Max at Slow Process Corner
  Data Path Delay:        10.308ns  (logic 5.025ns (48.749%)  route 5.283ns (51.251%))
  Logic Levels:           8  (CARRY4=4 IBUF=1 LUT2=1 LUT6=1 OBUF=1)

    Location             Delay type                Incr(ns)  Path(ns)    Netlist Resource(s)
  -------------------------------------------------------------------    -------------------
    T10                                               0.000     0.000 r  i_dataA[1] (IN)
                         net (fo=0)                   0.000     0.000    i_dataA[1]
    T10                  IBUF (Prop_ibuf_I_O)         0.970     0.970 r  i_dataA_IBUF[1]_inst/O
                         net (fo=5, routed)           2.027     2.997    i_dataA_IBUF[1]
    SLICE_X0Y22          LUT2 (Prop_lut2_I0_O)        0.124     3.121 r  o_dataC_OBUF[3]_inst_i_6/O
                         net (fo=1, routed)           0.000     3.121    o_dataC_OBUF[3]_inst_i_6_n_0
    SLICE_X0Y22          CARRY4 (Prop_carry4_S[1]_CO[3])
                                                      0.550     3.671 r  o_dataC_OBUF[3]_inst_i_2/CO[3]
                         net (fo=1, routed)           0.000     3.671    o_dataC_OBUF[3]_inst_i_2_n_0
    SLICE_X0Y23          CARRY4 (Prop_carry4_CI_CO[3])
                                                      0.114     3.785 r  o_dataC_OBUF[7]_inst_i_2/CO[3]
                         net (fo=1, routed)           0.000     3.785    o_dataC_OBUF[7]_inst_i_2_n_0
    SLICE_X0Y24          CARRY4 (Prop_carry4_CI_CO[3])
                                                      0.114     3.899 r  o_dataC_OBUF[11]_inst_i_2/CO[3]
                         net (fo=1, routed)           0.009     3.908    o_dataC_OBUF[11]_inst_i_2_n_0
    SLICE_X0Y25          CARRY4 (Prop_carry4_CI_O[0])
                                                      0.222     4.130 r  o_dataC_OBUF[15]_inst_i_2/O[0]
                         net (fo=1, routed)           0.816     4.945    o_dataC01_in[12]
    SLICE_X2Y25          LUT6 (Prop_lut6_I0_O)        0.299     5.244 r  o_dataC_OBUF[12]_inst_i_1/O
                         net (fo=1, routed)           2.431     7.676    o_dataC_OBUF[12]
    L14                  OBUF (Prop_obuf_I_O)         2.632    10.308 r  o_dataC_OBUF[12]_inst/O
                         net (fo=0)                   0.000    10.308    o_dataC[12]
    L14                                                               r  o_dataC[12] (OUT)
  -------------------------------------------------------------------    -------------------

Slack:                    inf
  Source:                 i_dataA[1]
                            (input port)
  Destination:            o_dataC[13]
                            (output port)
  Path Group:             (none)
  Path Type:              Max at Slow Process Corner
  Data Path Delay:        10.294ns  (logic 5.144ns (49.970%)  route 5.150ns (50.030%))
  Logic Levels:           8  (CARRY4=4 IBUF=1 LUT2=1 LUT6=1 OBUF=1)

    Location             Delay type                Incr(ns)  Path(ns)    Netlist Resource(s)
  -------------------------------------------------------------------    -------------------
    T10                                               0.000     0.000 r  i_dataA[1] (IN)
                         net (fo=0)                   0.000     0.000    i_dataA[1]
    T10                  IBUF (Prop_ibuf_I_O)         0.970     0.970 r  i_dataA_IBUF[1]_inst/O
                         net (fo=5, routed)           2.027     2.997    i_dataA_IBUF[1]
    SLICE_X0Y22          LUT2 (Prop_lut2_I0_O)        0.124     3.121 r  o_dataC_OBUF[3]_inst_i_6/O
                         net (fo=1, routed)           0.000     3.121    o_dataC_OBUF[3]_inst_i_6_n_0
    SLICE_X0Y22          CARRY4 (Prop_carry4_S[1]_CO[3])
                                                      0.550     3.671 r  o_dataC_OBUF[3]_inst_i_2/CO[3]
                         net (fo=1, routed)           0.000     3.671    o_dataC_OBUF[3]_inst_i_2_n_0
    SLICE_X0Y23          CARRY4 (Prop_carry4_CI_CO[3])
                                                      0.114     3.785 r  o_dataC_OBUF[7]_inst_i_2/CO[3]
                         net (fo=1, routed)           0.000     3.785    o_dataC_OBUF[7]_inst_i_2_n_0
    SLICE_X0Y24          CARRY4 (Prop_carry4_CI_CO[3])
                                                      0.114     3.899 r  o_dataC_OBUF[11]_inst_i_2/CO[3]
                         net (fo=1, routed)           0.009     3.908    o_dataC_OBUF[11]_inst_i_2_n_0
    SLICE_X0Y25          CARRY4 (Prop_carry4_CI_O[1])
                                                      0.334     4.242 r  o_dataC_OBUF[15]_inst_i_2/O[1]
                         net (fo=1, routed)           0.814     5.056    o_dataC01_in[13]
    SLICE_X1Y26          LUT6 (Prop_lut6_I0_O)        0.303     5.359 r  o_dataC_OBUF[13]_inst_i_1/O
                         net (fo=1, routed)           2.299     7.658    o_dataC_OBUF[13]
    K18                  OBUF (Prop_obuf_I_O)         2.635    10.294 r  o_dataC_OBUF[13]_inst/O
                         net (fo=0)                   0.000    10.294    o_dataC[13]
    K18                                                               r  o_dataC[13] (OUT)
  -------------------------------------------------------------------    -------------------

Slack:                    inf
  Source:                 i_dataA[1]
                            (input port)
  Destination:            o_dataC[10]
                            (output port)
  Path Group:             (none)
  Path Type:              Max at Slow Process Corner
  Data Path Delay:        10.257ns  (logic 4.937ns (48.130%)  route 5.320ns (51.870%))
  Logic Levels:           7  (CARRY4=3 IBUF=1 LUT2=1 LUT6=1 OBUF=1)

    Location             Delay type                Incr(ns)  Path(ns)    Netlist Resource(s)
  -------------------------------------------------------------------    -------------------
    T10                                               0.000     0.000 r  i_dataA[1] (IN)
                         net (fo=0)                   0.000     0.000    i_dataA[1]
    T10                  IBUF (Prop_ibuf_I_O)         0.970     0.970 r  i_dataA_IBUF[1]_inst/O
                         net (fo=5, routed)           2.027     2.997    i_dataA_IBUF[1]
    SLICE_X0Y22          LUT2 (Prop_lut2_I0_O)        0.124     3.121 r  o_dataC_OBUF[3]_inst_i_6/O
                         net (fo=1, routed)           0.000     3.121    o_dataC_OBUF[3]_inst_i_6_n_0
    SLICE_X0Y22          CARRY4 (Prop_carry4_S[1]_CO[3])
                                                      0.550     3.671 r  o_dataC_OBUF[3]_inst_i_2/CO[3]
                         net (fo=1, routed)           0.000     3.671    o_dataC_OBUF[3]_inst_i_2_n_0
    SLICE_X0Y23          CARRY4 (Prop_carry4_CI_CO[3])
                                                      0.114     3.785 r  o_dataC_OBUF[7]_inst_i_2/CO[3]
                         net (fo=1, routed)           0.000     3.785    o_dataC_OBUF[7]_inst_i_2_n_0
    SLICE_X0Y24          CARRY4 (Prop_carry4_CI_O[2])
                                                      0.239     4.024 r  o_dataC_OBUF[11]_inst_i_2/O[2]
                         net (fo=1, routed)           0.963     4.987    o_dataC01_in[10]
    SLICE_X2Y24          LUT6 (Prop_lut6_I0_O)        0.302     5.289 r  o_dataC_OBUF[10]_inst_i_1/O
                         net (fo=1, routed)           2.330     7.619    o_dataC_OBUF[10]
    L15                  OBUF (Prop_obuf_I_O)         2.638    10.257 r  o_dataC_OBUF[10]_inst/O
                         net (fo=0)                   0.000    10.257    o_dataC[10]
    L15                                                               r  o_dataC[10] (OUT)
  -------------------------------------------------------------------    -------------------

Slack:                    inf
  Source:                 i_dataA[1]
                            (input port)
  Destination:            o_dataC[8]
                            (output port)
  Path Group:             (none)
  Path Type:              Max at Slow Process Corner
  Data Path Delay:        10.057ns  (logic 4.910ns (48.824%)  route 5.147ns (51.176%))
  Logic Levels:           7  (CARRY4=3 IBUF=1 LUT2=1 LUT6=1 OBUF=1)

    Location             Delay type                Incr(ns)  Path(ns)    Netlist Resource(s)
  -------------------------------------------------------------------    -------------------
    T10                                               0.000     0.000 r  i_dataA[1] (IN)
                         net (fo=0)                   0.000     0.000    i_dataA[1]
    T10                  IBUF (Prop_ibuf_I_O)         0.970     0.970 r  i_dataA_IBUF[1]_inst/O
                         net (fo=5, routed)           2.027     2.997    i_dataA_IBUF[1]
    SLICE_X0Y22          LUT2 (Prop_lut2_I0_O)        0.124     3.121 r  o_dataC_OBUF[3]_inst_i_6/O
                         net (fo=1, routed)           0.000     3.121    o_dataC_OBUF[3]_inst_i_6_n_0
    SLICE_X0Y22          CARRY4 (Prop_carry4_S[1]_CO[3])
                                                      0.550     3.671 r  o_dataC_OBUF[3]_inst_i_2/CO[3]
                         net (fo=1, routed)           0.000     3.671    o_dataC_OBUF[3]_inst_i_2_n_0
    SLICE_X0Y23          CARRY4 (Prop_carry4_CI_CO[3])
                                                      0.114     3.785 r  o_dataC_OBUF[7]_inst_i_2/CO[3]
                         net (fo=1, routed)           0.000     3.785    o_dataC_OBUF[7]_inst_i_2_n_0
    SLICE_X0Y24          CARRY4 (Prop_carry4_CI_O[0])
                                                      0.222     4.007 r  o_dataC_OBUF[11]_inst_i_2/O[0]
                         net (fo=1, routed)           0.800     4.807    o_dataC01_in[8]
    SLICE_X2Y24          LUT6 (Prop_lut6_I0_O)        0.299     5.106 r  o_dataC_OBUF[8]_inst_i_1/O
                         net (fo=1, routed)           2.320     7.425    o_dataC_OBUF[8]
    L18                  OBUF (Prop_obuf_I_O)         2.631    10.057 r  o_dataC_OBUF[8]_inst/O
                         net (fo=0)                   0.000    10.057    o_dataC[8]
    L18                                                               r  o_dataC[8] (OUT)
  -------------------------------------------------------------------    -------------------

Slack:                    inf
  Source:                 i_dataA[0]
                            (input port)
  Destination:            o_dataC[5]
                            (output port)
  Path Group:             (none)
  Path Type:              Max at Slow Process Corner
  Data Path Delay:        10.034ns  (logic 4.892ns (48.752%)  route 5.142ns (51.248%))
  Logic Levels:           6  (CARRY4=2 IBUF=1 LUT2=1 LUT6=1 OBUF=1)

    Location             Delay type                Incr(ns)  Path(ns)    Netlist Resource(s)
  -------------------------------------------------------------------    -------------------
    R10                                               0.000     0.000 r  i_dataA[0] (IN)
                         net (fo=0)                   0.000     0.000    i_dataA[0]
    R10                  IBUF (Prop_ibuf_I_O)         0.966     0.966 r  i_dataA_IBUF[0]_inst/O
                         net (fo=5, routed)           2.043     3.009    i_dataA_IBUF[0]
    SLICE_X1Y22          LUT2 (Prop_lut2_I1_O)        0.124     3.133 r  o_dataC_OBUF[3]_inst_i_11/O
                         net (fo=1, routed)           0.000     3.133    o_dataC_OBUF[3]_inst_i_11_n_0
    SLICE_X1Y22          CARRY4 (Prop_carry4_S[0]_CO[3])
                                                      0.532     3.665 r  o_dataC_OBUF[3]_inst_i_3/CO[3]
                         net (fo=1, routed)           0.000     3.665    o_dataC_OBUF[3]_inst_i_3_n_0
    SLICE_X1Y23          CARRY4 (Prop_carry4_CI_O[1])
                                                      0.334     3.999 r  o_dataC_OBUF[7]_inst_i_3/O[1]
                         net (fo=1, routed)           0.963     4.962    o_dataC02_in[5]
    SLICE_X2Y23          LUT6 (Prop_lut6_I1_O)        0.303     5.265 r  o_dataC_OBUF[5]_inst_i_1/O
                         net (fo=1, routed)           2.136     7.401    o_dataC_OBUF[5]
    R13                  OBUF (Prop_obuf_I_O)         2.633    10.034 r  o_dataC_OBUF[5]_inst/O
                         net (fo=0)                   0.000    10.034    o_dataC[5]
    R13                                                               r  o_dataC[5] (OUT)
  -------------------------------------------------------------------    -------------------

Slack:                    inf
  Source:                 i_dataA[0]
                            (input port)
  Destination:            o_dataC[9]
                            (output port)
  Path Group:             (none)
  Path Type:              Max at Slow Process Corner
  Data Path Delay:        10.007ns  (logic 5.005ns (50.014%)  route 5.002ns (49.986%))
  Logic Levels:           7  (CARRY4=3 IBUF=1 LUT2=1 LUT6=1 OBUF=1)

    Location             Delay type                Incr(ns)  Path(ns)    Netlist Resource(s)
  -------------------------------------------------------------------    -------------------
    R10                                               0.000     0.000 r  i_dataA[0] (IN)
                         net (fo=0)                   0.000     0.000    i_dataA[0]
    R10                  IBUF (Prop_ibuf_I_O)         0.966     0.966 r  i_dataA_IBUF[0]_inst/O
                         net (fo=5, routed)           2.043     3.009    i_dataA_IBUF[0]
    SLICE_X1Y22          LUT2 (Prop_lut2_I1_O)        0.124     3.133 r  o_dataC_OBUF[3]_inst_i_11/O
                         net (fo=1, routed)           0.000     3.133    o_dataC_OBUF[3]_inst_i_11_n_0
    SLICE_X1Y22          CARRY4 (Prop_carry4_S[0]_CO[3])
                                                      0.532     3.665 r  o_dataC_OBUF[3]_inst_i_3/CO[3]
                         net (fo=1, routed)           0.000     3.665    o_dataC_OBUF[3]_inst_i_3_n_0
    SLICE_X1Y23          CARRY4 (Prop_carry4_CI_CO[3])
                                                      0.114     3.779 r  o_dataC_OBUF[7]_inst_i_3/CO[3]
                         net (fo=1, routed)           0.000     3.779    o_dataC_OBUF[7]_inst_i_3_n_0
    SLICE_X1Y24          CARRY4 (Prop_carry4_CI_O[1])
                                                      0.334     4.113 r  o_dataC_OBUF[11]_inst_i_3/O[1]
                         net (fo=1, routed)           0.844     4.957    o_dataC02_in[9]
    SLICE_X1Y26          LUT6 (Prop_lut6_I1_O)        0.303     5.260 r  o_dataC_OBUF[9]_inst_i_1/O
                         net (fo=1, routed)           2.115     7.375    o_dataC_OBUF[9]
    L16                  OBUF (Prop_obuf_I_O)         2.632    10.007 r  o_dataC_OBUF[9]_inst/O
                         net (fo=0)                   0.000    10.007    o_dataC[9]
    L16                                                               r  o_dataC[9] (OUT)
  -------------------------------------------------------------------    -------------------

Slack:                    inf
  Source:                 i_dataA[0]
                            (input port)
  Destination:            o_dataC[14]
                            (output port)
  Path Group:             (none)
  Path Type:              Max at Slow Process Corner
  Data Path Delay:        9.954ns  (logic 5.021ns (50.445%)  route 4.933ns (49.555%))
  Logic Levels:           8  (CARRY4=4 IBUF=1 LUT2=1 LUT6=1 OBUF=1)

    Location             Delay type                Incr(ns)  Path(ns)    Netlist Resource(s)
  -------------------------------------------------------------------    -------------------
    R10                                               0.000     0.000 r  i_dataA[0] (IN)
                         net (fo=0)                   0.000     0.000    i_dataA[0]
    R10                  IBUF (Prop_ibuf_I_O)         0.966     0.966 r  i_dataA_IBUF[0]_inst/O
                         net (fo=5, routed)           2.043     3.009    i_dataA_IBUF[0]
    SLICE_X1Y22          LUT2 (Prop_lut2_I1_O)        0.124     3.133 r  o_dataC_OBUF[3]_inst_i_11/O
                         net (fo=1, routed)           0.000     3.133    o_dataC_OBUF[3]_inst_i_11_n_0
    SLICE_X1Y22          CARRY4 (Prop_carry4_S[0]_CO[3])
                                                      0.532     3.665 r  o_dataC_OBUF[3]_inst_i_3/CO[3]
                         net (fo=1, routed)           0.000     3.665    o_dataC_OBUF[3]_inst_i_3_n_0
    SLICE_X1Y23          CARRY4 (Prop_carry4_CI_CO[3])
                                                      0.114     3.779 r  o_dataC_OBUF[7]_inst_i_3/CO[3]
                         net (fo=1, routed)           0.000     3.779    o_dataC_OBUF[7]_inst_i_3_n_0
    SLICE_X1Y24          CARRY4 (Prop_carry4_CI_CO[3])
                                                      0.114     3.893 r  o_dataC_OBUF[11]_inst_i_3/CO[3]
                         net (fo=1, routed)           0.009     3.902    o_dataC_OBUF[11]_inst_i_3_n_0
    SLICE_X1Y25          CARRY4 (Prop_carry4_CI_O[2])
                                                      0.239     4.141 r  o_dataC_OBUF[15]_inst_i_3/O[2]
                         net (fo=1, routed)           0.575     4.715    o_dataC02_in[14]
    SLICE_X2Y25          LUT6 (Prop_lut6_I1_O)        0.302     5.017 r  o_dataC_OBUF[14]_inst_i_1/O
                         net (fo=1, routed)           2.306     7.324    o_dataC_OBUF[14]
    K17                  OBUF (Prop_obuf_I_O)         2.631     9.954 r  o_dataC_OBUF[14]_inst/O
                         net (fo=0)                   0.000     9.954    o_dataC[14]
    K17                                                               r  o_dataC[14] (OUT)
  -------------------------------------------------------------------    -------------------

Slack:                    inf
  Source:                 i_dataA[0]
                            (input port)
  Destination:            o_dataC[4]
                            (output port)
  Path Group:             (none)
  Path Type:              Max at Slow Process Corner
  Data Path Delay:        9.867ns  (logic 4.761ns (48.254%)  route 5.106ns (51.746%))
  Logic Levels:           6  (CARRY4=2 IBUF=1 LUT2=1 LUT6=1 OBUF=1)

    Location             Delay type                Incr(ns)  Path(ns)    Netlist Resource(s)
  -------------------------------------------------------------------    -------------------
    R10                                               0.000     0.000 r  i_dataA[0] (IN)
                         net (fo=0)                   0.000     0.000    i_dataA[0]
    R10                  IBUF (Prop_ibuf_I_O)         0.966     0.966 r  i_dataA_IBUF[0]_inst/O
                         net (fo=5, routed)           2.043     3.009    i_dataA_IBUF[0]
    SLICE_X1Y22          LUT2 (Prop_lut2_I1_O)        0.124     3.133 r  o_dataC_OBUF[3]_inst_i_11/O
                         net (fo=1, routed)           0.000     3.133    o_dataC_OBUF[3]_inst_i_11_n_0
    SLICE_X1Y22          CARRY4 (Prop_carry4_S[0]_CO[3])
                                                      0.532     3.665 r  o_dataC_OBUF[3]_inst_i_3/CO[3]
                         net (fo=1, routed)           0.000     3.665    o_dataC_OBUF[3]_inst_i_3_n_0
    SLICE_X1Y23          CARRY4 (Prop_carry4_CI_O[0])
                                                      0.222     3.887 r  o_dataC_OBUF[7]_inst_i_3/O[0]
                         net (fo=1, routed)           0.799     4.685    o_dataC02_in[4]
    SLICE_X2Y23          LUT6 (Prop_lut6_I1_O)        0.299     4.984 r  o_dataC_OBUF[4]_inst_i_1/O
                         net (fo=1, routed)           2.264     7.249    o_dataC_OBUF[4]
    L13                  OBUF (Prop_obuf_I_O)         2.618     9.867 r  o_dataC_OBUF[4]_inst/O
                         net (fo=0)                   0.000     9.867    o_dataC[4]
    L13                                                               r  o_dataC[4] (OUT)
  -------------------------------------------------------------------    -------------------





Min Delay Paths
--------------------------------------------------------------------------------------
Slack:                    inf
  Source:                 i_dataB[7]
                            (input port)
  Destination:            o_dataC[7]
                            (output port)
  Path Group:             (none)
  Path Type:              Min at Fast Process Corner
  Data Path Delay:        2.329ns  (logic 1.371ns (58.895%)  route 0.957ns (41.105%))
  Logic Levels:           3  (IBUF=1 LUT6=1 OBUF=1)

    Location             Delay type                Incr(ns)  Path(ns)    Netlist Resource(s)
  -------------------------------------------------------------------    -------------------
    R15                                               0.000     0.000 r  i_dataB[7] (IN)
                         net (fo=0)                   0.000     0.000    i_dataB[7]
    R15                  IBUF (Prop_ibuf_I_O)         0.183     0.183 r  i_dataB_IBUF[7]_inst/O
                         net (fo=3, routed)           0.347     0.530    i_dataB_IBUF[7]
    SLICE_X2Y23          LUT6 (Prop_lut6_I2_O)        0.045     0.575 r  o_dataC_OBUF[7]_inst_i_1/O
                         net (fo=1, routed)           0.610     1.185    o_dataC_OBUF[7]
    M18                  OBUF (Prop_obuf_I_O)         1.144     2.329 r  o_dataC_OBUF[7]_inst/O
                         net (fo=0)                   0.000     2.329    o_dataC[7]
    M18                                                               r  o_dataC[7] (OUT)
  -------------------------------------------------------------------    -------------------

Slack:                    inf
  Source:                 i_dataB[8]
                            (input port)
  Destination:            o_dataC[8]
                            (output port)
  Path Group:             (none)
  Path Type:              Min at Fast Process Corner
  Data Path Delay:        2.367ns  (logic 1.370ns (57.881%)  route 0.997ns (42.119%))
  Logic Levels:           3  (IBUF=1 LUT6=1 OBUF=1)

    Location             Delay type                Incr(ns)  Path(ns)    Netlist Resource(s)
  -------------------------------------------------------------------    -------------------
    P15                                               0.000     0.000 r  i_dataB[8] (IN)
                         net (fo=0)                   0.000     0.000    i_dataB[8]
    P15                  IBUF (Prop_ibuf_I_O)         0.177     0.177 r  i_dataB_IBUF[8]_inst/O
                         net (fo=3, routed)           0.364     0.541    i_dataB_IBUF[8]
    SLICE_X2Y24          LUT6 (Prop_lut6_I2_O)        0.045     0.586 r  o_dataC_OBUF[8]_inst_i_1/O
                         net (fo=1, routed)           0.634     1.219    o_dataC_OBUF[8]
    L18                  OBUF (Prop_obuf_I_O)         1.148     2.367 r  o_dataC_OBUF[8]_inst/O
                         net (fo=0)                   0.000     2.367    o_dataC[8]
    L18                                                               r  o_dataC[8] (OUT)
  -------------------------------------------------------------------    -------------------

Slack:                    inf
  Source:                 i_sel[1]
                            (input port)
  Destination:            o_dataC[9]
                            (output port)
  Path Group:             (none)
  Path Type:              Min at Fast Process Corner
  Data Path Delay:        2.384ns  (logic 1.388ns (58.223%)  route 0.996ns (41.777%))
  Logic Levels:           3  (IBUF=1 LUT6=1 OBUF=1)

    Location             Delay type                Incr(ns)  Path(ns)    Netlist Resource(s)
  -------------------------------------------------------------------    -------------------
    P14                                               0.000     0.000 r  i_sel[1] (IN)
                         net (fo=0)                   0.000     0.000    i_sel[1]
    P14                  IBUF (Prop_ibuf_I_O)         0.194     0.194 r  i_sel_IBUF[1]_inst/O
                         net (fo=16, routed)          0.480     0.674    i_sel_IBUF[1]
    SLICE_X1Y26          LUT6 (Prop_lut6_I4_O)        0.045     0.719 r  o_dataC_OBUF[9]_inst_i_1/O
                         net (fo=1, routed)           0.516     1.235    o_dataC_OBUF[9]
    L16                  OBUF (Prop_obuf_I_O)         1.149     2.384 r  o_dataC_OBUF[9]_inst/O
                         net (fo=0)                   0.000     2.384    o_dataC[9]
    L16                                                               r  o_dataC[9] (OUT)
  -------------------------------------------------------------------    -------------------

Slack:                    inf
  Source:                 i_dataB[1]
                            (input port)
  Destination:            o_dataC[1]
                            (output port)
  Path Group:             (none)
  Path Type:              Min at Fast Process Corner
  Data Path Delay:        2.408ns  (logic 1.406ns (58.372%)  route 1.003ns (41.628%))
  Logic Levels:           3  (IBUF=1 LUT6=1 OBUF=1)

    Location             Delay type                Incr(ns)  Path(ns)    Netlist Resource(s)
  -------------------------------------------------------------------    -------------------
    V16                                               0.000     0.000 r  i_dataB[1] (IN)
                         net (fo=0)                   0.000     0.000    i_dataB[1]
    V16                  IBUF (Prop_ibuf_I_O)         0.205     0.205 r  i_dataB_IBUF[1]_inst/O
                         net (fo=3, routed)           0.482     0.688    i_dataB_IBUF[1]
    SLICE_X2Y22          LUT6 (Prop_lut6_I2_O)        0.045     0.733 r  o_dataC_OBUF[1]_inst_i_1/O
                         net (fo=1, routed)           0.520     1.253    o_dataC_OBUF[1]
    T18                  OBUF (Prop_obuf_I_O)         1.156     2.408 r  o_dataC_OBUF[1]_inst/O
                         net (fo=0)                   0.000     2.408    o_dataC[1]
    T18                                                               r  o_dataC[1] (OUT)
  -------------------------------------------------------------------    -------------------

Slack:                    inf
  Source:                 i_dataB[2]
                            (input port)
  Destination:            o_dataC[2]
                            (output port)
  Path Group:             (none)
  Path Type:              Min at Fast Process Corner
  Data Path Delay:        2.412ns  (logic 1.405ns (58.267%)  route 1.007ns (41.733%))
  Logic Levels:           3  (IBUF=1 LUT6=1 OBUF=1)

    Location             Delay type                Incr(ns)  Path(ns)    Netlist Resource(s)
  -------------------------------------------------------------------    -------------------
    V15                                               0.000     0.000 r  i_dataB[2] (IN)
                         net (fo=0)                   0.000     0.000    i_dataB[2]
    V15                  IBUF (Prop_ibuf_I_O)         0.206     0.206 r  i_dataB_IBUF[2]_inst/O
                         net (fo=3, routed)           0.408     0.615    i_dataB_IBUF[2]
    SLICE_X2Y22          LUT6 (Prop_lut6_I2_O)        0.045     0.660 r  o_dataC_OBUF[2]_inst_i_1/O
                         net (fo=1, routed)           0.598     1.258    o_dataC_OBUF[2]
    R18                  OBUF (Prop_obuf_I_O)         1.154     2.412 r  o_dataC_OBUF[2]_inst/O
                         net (fo=0)                   0.000     2.412    o_dataC[2]
    R18                                                               r  o_dataC[2] (OUT)
  -------------------------------------------------------------------    -------------------

Slack:                    inf
  Source:                 i_dataB[3]
                            (input port)
  Destination:            o_dataC[3]
                            (output port)
  Path Group:             (none)
  Path Type:              Min at Fast Process Corner
  Data Path Delay:        2.425ns  (logic 1.372ns (56.577%)  route 1.053ns (43.423%))
  Logic Levels:           3  (IBUF=1 LUT6=1 OBUF=1)

    Location             Delay type                Incr(ns)  Path(ns)    Netlist Resource(s)
  -------------------------------------------------------------------    -------------------
    T16                                               0.000     0.000 r  i_dataB[3] (IN)
                         net (fo=0)                   0.000     0.000    i_dataB[3]
    T16                  IBUF (Prop_ibuf_I_O)         0.192     0.192 r  i_dataB_IBUF[3]_inst/O
                         net (fo=3, routed)           0.458     0.650    i_dataB_IBUF[3]
    SLICE_X2Y22          LUT6 (Prop_lut6_I2_O)        0.045     0.695 r  o_dataC_OBUF[3]_inst_i_1/O
                         net (fo=1, routed)           0.595     1.290    o_dataC_OBUF[3]
    M13                  OBUF (Prop_obuf_I_O)         1.135     2.425 r  o_dataC_OBUF[3]_inst/O
                         net (fo=0)                   0.000     2.425    o_dataC[3]
    M13                                                               r  o_dataC[3] (OUT)
  -------------------------------------------------------------------    -------------------

Slack:                    inf
  Source:                 i_dataB[10]
                            (input port)
  Destination:            o_dataC[10]
                            (output port)
  Path Group:             (none)
  Path Type:              Min at Fast Process Corner
  Data Path Delay:        2.467ns  (logic 1.392ns (56.416%)  route 1.075ns (43.584%))
  Logic Levels:           3  (IBUF=1 LUT6=1 OBUF=1)

    Location             Delay type                Incr(ns)  Path(ns)    Netlist Resource(s)
  -------------------------------------------------------------------    -------------------
    P17                                               0.000     0.000 r  i_dataB[10] (IN)
                         net (fo=0)                   0.000     0.000    i_dataB[10]
    P17                  IBUF (Prop_ibuf_I_O)         0.192     0.192 r  i_dataB_IBUF[10]_inst/O
                         net (fo=3, routed)           0.442     0.634    i_dataB_IBUF[10]
    SLICE_X2Y24          LUT6 (Prop_lut6_I2_O)        0.045     0.679 r  o_dataC_OBUF[10]_inst_i_1/O
                         net (fo=1, routed)           0.633     1.313    o_dataC_OBUF[10]
    L15                  OBUF (Prop_obuf_I_O)         1.155     2.467 r  o_dataC_OBUF[10]_inst/O
                         net (fo=0)                   0.000     2.467    o_dataC[10]
    L15                                                               r  o_dataC[10] (OUT)
  -------------------------------------------------------------------    -------------------

Slack:                    inf
  Source:                 i_dataB[13]
                            (input port)
  Destination:            o_dataC[13]
                            (output port)
  Path Group:             (none)
  Path Type:              Min at Fast Process Corner
  Data Path Delay:        2.469ns  (logic 1.375ns (55.710%)  route 1.093ns (44.290%))
  Logic Levels:           3  (IBUF=1 LUT6=1 OBUF=1)

    Location             Delay type                Incr(ns)  Path(ns)    Netlist Resource(s)
  -------------------------------------------------------------------    -------------------
    M17                                               0.000     0.000 r  i_dataB[13] (IN)
                         net (fo=0)                   0.000     0.000    i_dataB[13]
    M17                  IBUF (Prop_ibuf_I_O)         0.178     0.178 r  i_dataB_IBUF[13]_inst/O
                         net (fo=3, routed)           0.488     0.666    i_dataB_IBUF[13]
    SLICE_X1Y26          LUT6 (Prop_lut6_I2_O)        0.045     0.711 r  o_dataC_OBUF[13]_inst_i_1/O
                         net (fo=1, routed)           0.605     1.317    o_dataC_OBUF[13]
    K18                  OBUF (Prop_obuf_I_O)         1.152     2.469 r  o_dataC_OBUF[13]_inst/O
                         net (fo=0)                   0.000     2.469    o_dataC[13]
    K18                                                               r  o_dataC[13] (OUT)
  -------------------------------------------------------------------    -------------------

Slack:                    inf
  Source:                 i_dataB[0]
                            (input port)
  Destination:            o_dataC[0]
                            (output port)
  Path Group:             (none)
  Path Type:              Min at Fast Process Corner
  Data Path Delay:        2.509ns  (logic 1.380ns (55.005%)  route 1.129ns (44.995%))
  Logic Levels:           3  (IBUF=1 LUT6=1 OBUF=1)

    Location             Delay type                Incr(ns)  Path(ns)    Netlist Resource(s)
  -------------------------------------------------------------------    -------------------
    U17                                               0.000     0.000 r  i_dataB[0] (IN)
                         net (fo=0)                   0.000     0.000    i_dataB[0]
    U17                  IBUF (Prop_ibuf_I_O)         0.199     0.199 r  i_dataB_IBUF[0]_inst/O
                         net (fo=3, routed)           0.607     0.805    i_dataB_IBUF[0]
    SLICE_X2Y22          LUT6 (Prop_lut6_I2_O)        0.045     0.850 r  o_dataC_OBUF[0]_inst_i_1/O
                         net (fo=1, routed)           0.522     1.372    o_dataC_OBUF[0]
    N14                  OBUF (Prop_obuf_I_O)         1.136     2.509 r  o_dataC_OBUF[0]_inst/O
                         net (fo=0)                   0.000     2.509    o_dataC[0]
    N14                                                               r  o_dataC[0] (OUT)
  -------------------------------------------------------------------    -------------------

Slack:                    inf
  Source:                 i_dataB[14]
                            (input port)
  Destination:            o_dataC[14]
                            (output port)
  Path Group:             (none)
  Path Type:              Min at Fast Process Corner
  Data Path Delay:        2.510ns  (logic 1.369ns (54.562%)  route 1.140ns (45.438%))
  Logic Levels:           3  (IBUF=1 LUT6=1 OBUF=1)

    Location             Delay type                Incr(ns)  Path(ns)    Netlist Resource(s)
  -------------------------------------------------------------------    -------------------
    M16                                               0.000     0.000 r  i_dataB[14] (IN)
                         net (fo=0)                   0.000     0.000    i_dataB[14]
    M16                  IBUF (Prop_ibuf_I_O)         0.177     0.177 r  i_dataB_IBUF[14]_inst/O
                         net (fo=3, routed)           0.546     0.723    i_dataB_IBUF[14]
    SLICE_X2Y25          LUT6 (Prop_lut6_I2_O)        0.045     0.768 r  o_dataC_OBUF[14]_inst_i_1/O
                         net (fo=1, routed)           0.594     1.362    o_dataC_OBUF[14]
    K17                  OBUF (Prop_obuf_I_O)         1.147     2.510 r  o_dataC_OBUF[14]_inst/O
                         net (fo=0)                   0.000     2.510    o_dataC[14]
    K17                                                               r  o_dataC[14] (OUT)
  -------------------------------------------------------------------    -------------------





