#-----------------------------------------------------------
# Vivado v2025.1 (64-bit)
# SW Build 6140274 on Wed May 21 22:58:25 MDT 2025
# IP Build 6138677 on Thu May 22 03:10:11 MDT 2025
# SharedData Build 6139179 on Tue May 20 17:58:58 MDT 2025
# Start of session at: Thu Feb 26 21:27:22 2026
# Process ID         : 154011
# Current directory  : /home/abel/Documents/vivado_projects/add25/Unit01/GP01/codes/exersice1/register1/scripts
# Command line       : vivado -mode batch -source create_project.tcl -tclargs register1
# Log file           : /home/abel/Documents/vivado_projects/add25/Unit01/GP01/codes/exersice1/register1/scripts/vivado.log
# Journal file       : /home/abel/Documents/vivado_projects/add25/Unit01/GP01/codes/exersice1/register1/scripts/vivado.jou
# Running On         : asus
# Platform           : Ubuntu
# Operating System   : Ubuntu 24.04.4 LTS
# Processor Detail   : 11th Gen Intel(R) Core(TM) i5-1135G7 @ 2.40GHz
# CPU Frequency      : 745.239 MHz
# CPU Physical cores : 4
# CPU Logical cores  : 8
# Host memory        : 8006 MB
# Swap memory        : 4294 MB
# Total Virtual      : 12301 MB
# Available Virtual  : 5404 MB
#-----------------------------------------------------------
source create_project.tcl
# if { $argc < 1 } {
# # If no arguments were passed -> error
#     puts "ERROR: No module name provided"
#     puts "Usage: vivado -mode batch -source create_project.tcl -tclargs <module_name>"
#     exit 1
#     # Stop script
# }
# set module_name [lindex $argv 0]
# puts "INFO: Module name = $module_name"
INFO: Module name = register1
# set base_dir        "../"
# set verilog_file    "../sub/${module_name}.v"
# set proj_name       $module_name
# set proj_dir        "${base_dir}/${proj_name}"
# set constraints_file "../../../../../../constraints/Arty_Master_v2.xdc"
# set part_name        "xc7a35ticsg324-1L"
# if {![file exists $verilog_file]} {
# # 1 file exists
# # 0 file doesn't exists
#     puts "ERROR: Verilog file not found: $verilog_file"
#     exit 1
# }
# if {[file exists $proj_dir]} {
#     puts "WARNING: Project directory already exists: $proj_dir"
#     puts "INFO: Project may be overwritten"
# }
# create_project $proj_name $proj_dir -part $part_name -force
# puts "INFO: Project created: $proj_name"
INFO: Project created: register1
# add_files -fileset sources_1 $verilog_file
# update_compile_order -fileset sources_1
# puts "INFO: RTL source added"
INFO: RTL source added
# if {![file exists $constraints_file]} {
#     puts "ERROR: Constraints file not found: $constraints_file"
#     exit 1
# }
# add_files -fileset constrs_1 $constraints_file
# puts "INFO: Constraints added"
INFO: Constraints added
# set_property top $proj_name [get_filesets sources_1]
# puts "INFO: Top module set to $proj_name"
INFO: Top module set to register1
# save_project_as $module_name ./$module_name
# puts "INFO: Project $proj_name successfully created and configured"
INFO: Project register1 successfully created and configured
INFO: [Common 17-206] Exiting Vivado at Thu Feb 26 21:27:28 2026...
