Vivado Simulator v2025.1.0
Copyright 1986-2022 Xilinx, Inc. All Rights Reserved.
Copyright 2022-2025 Advanced Micro Devices, Inc. All Rights Reserved.
Running: /tools/Xilinx/2025.1/Vivado/bin/unwrapped/lnx64.o/xelab --incr --debug typical --relax --mt 8 -L xil_defaultlib -L unisims_ver -L unimacro_ver -L secureip --snapshot tb_top_behav xil_defaultlib.tb_top xil_defaultlib.glbl -log elaborate.log 
Using 8 slave threads.
WARNING: [XSIM 43-3431] One or more environment variables have been detected which affect the operation of the C compiler. These are typically not set in standard installations and are not tested by AMD, however they may be appropriate for your system, so the flow will attempt to continue.  If errors occur, try running xelab with the "-mt off -v 1" switches to see more information from the C compiler. The following environment variables have been detected:
Starting static elaboration
Pass Through NonSizing Optimizer
WARNING: [VRFC 10-3091] actual bit length 6 differs from formal bit length 8 for port 'o_data' [/home/abel/Desktop/dd1/githubRepos/add25/Unit01/GPI01/codes/excersice1/tb_test2.v:12]
WARNING: [VRFC 10-3091] actual bit length 6 differs from formal bit length 4 for port 'i_data1' [/home/abel/Desktop/dd1/githubRepos/add25/Unit01/GPI01/codes/excersice1/top.v:35]
WARNING: [VRFC 10-3091] actual bit length 4 differs from formal bit length 6 for port 'i_data' [/home/abel/Desktop/dd1/githubRepos/add25/Unit01/GPI01/codes/excersice1/top.v:43]
Completed static elaboration
Starting simulation data flow analysis
WARNING: [XSIM 43-4099] "/home/abel/Desktop/dd1/githubRepos/add25/Unit01/GPI01/codes/excersice1/top.v" Line 1. Module top doesn't have a timescale but at least one module in design has a timescale.
WARNING: [XSIM 43-4099] "/home/abel/Desktop/dd1/githubRepos/add25/Unit01/GPI01/codes/excersice1/adder_4b.v" Line 1. Module adder_4b doesn't have a timescale but at least one module in design has a timescale.
WARNING: [XSIM 43-4099] "/home/abel/Desktop/dd1/githubRepos/add25/Unit01/GPI01/codes/excersice1/adder_6b.v" Line 1. Module adder_6b doesn't have a timescale but at least one module in design has a timescale.
WARNING: [XSIM 43-4099] "/home/abel/Desktop/dd1/githubRepos/add25/Unit01/GPI01/codes/excersice1/mux2to1.v" Line 1. Module mux2to1_6b doesn't have a timescale but at least one module in design has a timescale.
WARNING: [XSIM 43-4099] "/home/abel/Desktop/dd1/githubRepos/add25/Unit01/GPI01/codes/excersice1/reg6.v" Line 1. Module reg6 doesn't have a timescale but at least one module in design has a timescale.
WARNING: [XSIM 43-4099] "/home/abel/Desktop/dd1/githubRepos/add25/Unit01/GPI01/codes/excersice1/top.v" Line 1. Module top doesn't have a timescale but at least one module in design has a timescale.
WARNING: [XSIM 43-4099] "/home/abel/Desktop/dd1/githubRepos/add25/Unit01/GPI01/codes/excersice1/adder_4b.v" Line 1. Module adder_4b doesn't have a timescale but at least one module in design has a timescale.
WARNING: [XSIM 43-4099] "/home/abel/Desktop/dd1/githubRepos/add25/Unit01/GPI01/codes/excersice1/adder_6b.v" Line 1. Module adder_6b doesn't have a timescale but at least one module in design has a timescale.
WARNING: [XSIM 43-4099] "/home/abel/Desktop/dd1/githubRepos/add25/Unit01/GPI01/codes/excersice1/mux2to1.v" Line 1. Module mux2to1_6b doesn't have a timescale but at least one module in design has a timescale.
WARNING: [XSIM 43-4099] "/home/abel/Desktop/dd1/githubRepos/add25/Unit01/GPI01/codes/excersice1/reg6.v" Line 1. Module reg6 doesn't have a timescale but at least one module in design has a timescale.
Completed simulation data flow analysis
Time Resolution for simulation is 1ps
Compiling module xil_defaultlib.adder_4b
Compiling module xil_defaultlib.adder_6b
Compiling module xil_defaultlib.mux2to1_6b
Compiling module xil_defaultlib.reg6
Compiling module xil_defaultlib.top
Compiling module xil_defaultlib.tb_top
Compiling module xil_defaultlib.glbl
Built simulation snapshot tb_top_behav
